// Jest Snapshot v1, https://goo.gl/fbAQLP

exports[`Text component snapshot of component 1`] = `
<DocumentFragment>
  <p
    class="undefined atds-text atds-text-base"
  >
    Hello World
  </p>
</DocumentFragment>
`;
