// Jest Snapshot v1, https://goo.gl/fbAQLP

exports[`Button component snapshot of component 1`] = `
<DocumentFragment>
  <button
    class=" atds-button-container atds-button-base"
  >
    Hello World
  </button>
</DocumentFragment>
`;
